npm warn Unknown env config "http-proxy". This will stop working in the next major version of npm.

> dead-mall@0.0.1 test
> vitest run


 RUN  v5.0.0 /workspace/scratch/46c24ac297cd/dead-mall-grips-20261006

 ❯ tests/unit/balance-expert.test.ts (4 tests | 1 failed) 10763ms
   ❯ the expert bot (round 57 follow-up): every lane, slam and shot scored at once (4)
     × takes at most 2 health from the Owner, and fewer than the pro bot 6063ms

⎯⎯⎯⎯⎯⎯⎯ Failed Tests 1 ⎯⎯⎯⎯⎯⎯⎯

 FAIL  tests/unit/balance-expert.test.ts > the expert bot (round 57 follow-up): every lane, slam and shot scored at once > takes at most 2 health from the Owner, and fewer than the pro bot
Error: Test timed out in 5000ms.
If this is a long-running test, pass a timeout value as the last argument or configure it globally with "testTimeout".
 ❯ tests/unit/balance-expert.test.ts:19:3
     17|   });
     18|
     19|   it('takes at most 2 health from the Owner, and fewer than the pro bo…
       |   ^
     20|     for (const seed of SEEDS) {
     21|       const fight = bossFight(seed, expert);

⎯⎯⎯⎯⎯⎯⎯⎯⎯⎯⎯⎯⎯⎯⎯⎯⎯⎯⎯⎯⎯⎯⎯⎯[1/1]⎯


 Test Files  1 failed | 187 passed (188)
      Tests  1 failed | 2078 passed (2079)
   Start at  13:30:33
   Duration  32.53s (tests 67%, import 18%, transform 14%, worker 1%)

    Isolate  188 workers spawned · ~231ms startup each (spawn + environment, per file)
             at least ~5.19s faster with isolate: false — reuses workers across files instead of one per file
